Archive member included to satisfy reference by file (symbol)

/opt/st/stm32cubeide_1.18.0/plugins/com.st.stm32cube.ide.mcu.externaltools.gnu-tools-for-stm32.13.3.rel1.linux64_1.0.0.202410170706/tools/bin/../lib/gcc/arm-none-eabi/13.3.1/../../../../arm-none-eabi/lib/thumb/v6-m/nofp/libc_nano.a(libc_a-exit.o)
                              /opt/st/stm32cubeide_1.18.0/plugins/com.st.stm32cube.ide.mcu.externaltools.gnu-tools-for-stm32.13.3.rel1.linux64_1.0.0.202410170706/tools/bin/../lib/gcc/arm-none-eabi/13.3.1/../../../../arm-none-eabi/lib/thumb/v6-m/nofp/crt0.o (exit)
/opt/st/stm32cubeide_1.18.0/plugins/com.st.stm32cube.ide.mcu.externaltools.gnu-tools-for-stm32.13.3.rel1.linux64_1.0.0.202410170706/tools/bin/../lib/gcc/arm-none-eabi/13.3.1/../../../../arm-none-eabi/lib/thumb/v6-m/nofp/libc_nano.a(libc_a-findfp.o)
                              /opt/st/stm32cubeide_1.18.0/plugins/com.st.stm32cube.ide.mcu.externaltools.gnu-tools-for-stm32.13.3.rel1.linux64_1.0.0.202410170706/tools/bin/../lib/gcc/arm-none-eabi/13.3.1/../../../../arm-none-eabi/lib/thumb/v6-m/nofp/libc_nano.a(libc_a-exit.o) (__stdio_exit_handler)
/opt/st/stm32cubeide_1.18.0/plugins/com.st.stm32cube.ide.mcu.externaltools.gnu-tools-for-stm32.13.3.rel1.linux64_1.0.0.202410170706/tools/bin/../lib/gcc/arm-none-eabi/13.3.1/../../../../arm-none-eabi/lib/thumb/v6-m/nofp/libc_nano.a(libc_a-fwalk.o)
                              /opt/st/stm32cubeide_1.18.0/plugins/com.st.stm32cube.ide.mcu.externaltools.gnu-tools-for-stm32.13.3.rel1.linux64_1.0.0.202410170706/tools/bin/../lib/gcc/arm-none-eabi/13.3.1/../../../../arm-none-eabi/lib/thumb/v6-m/nofp/libc_nano.a(libc_a-findfp.o) (_fwalk_sglue)
/opt/st/stm32cubeide_1.18.0/plugins/com.st.stm32cube.ide.mcu.externaltools.gnu-tools-for-stm32.13.3.rel1.linux64_1.0.0.202410170706/tools/bin/../lib/gcc/arm-none-eabi/13.3.1/../../../../arm-none-eabi/lib/thumb/v6-m/nofp/libc_nano.a(libc_a-stdio.o)
                              /opt/st/stm32cubeide_1.18.0/plugins/com.st.stm32cube.ide.mcu.externaltools.gnu-tools-for-stm32.13.3.rel1.linux64_1.0.0.202410170706/tools/bin/../lib/gcc/arm-none-eabi/13.3.1/../../../../arm-none-eabi/lib/thumb/v6-m/nofp/libc_nano.a(libc_a-findfp.o) (__sread)
/opt/st/stm32cubeide_1.18.0/plugins/com.st.stm32cube.ide.mcu.externaltools.gnu-tools-for-stm32.13.3.rel1.linux64_1.0.0.202410170706/tools/bin/../lib/gcc/arm-none-eabi/13.3.1/../../../../arm-none-eabi/lib/thumb/v6-m/nofp/libc_nano.a(libc_a-memset.o)
                              /opt/st/stm32cubeide_1.18.0/plugins/com.st.stm32cube.ide.mcu.externaltools.gnu-tools-for-stm32.13.3.rel1.linux64_1.0.0.202410170706/tools/bin/../lib/gcc/arm-none-eabi/13.3.1/../../../../arm-none-eabi/lib/thumb/v6-m/nofp/crt0.o (memset)
/opt/st/stm32cubeide_1.18.0/plugins/com.st.stm32cube.ide.mcu.externaltools.gnu-tools-for-stm32.13.3.rel1.linux64_1.0.0.202410170706/tools/bin/../lib/gcc/arm-none-eabi/13.3.1/../../../../arm-none-eabi/lib/thumb/v6-m/nofp/libc_nano.a(libc_a-closer.o)
                              /opt/st/stm32cubeide_1.18.0/plugins/com.st.stm32cube.ide.mcu.externaltools.gnu-tools-for-stm32.13.3.rel1.linux64_1.0.0.202410170706/tools/bin/../lib/gcc/arm-none-eabi/13.3.1/../../../../arm-none-eabi/lib/thumb/v6-m/nofp/libc_nano.a(libc_a-stdio.o) (_close_r)
/opt/st/stm32cubeide_1.18.0/plugins/com.st.stm32cube.ide.mcu.externaltools.gnu-tools-for-stm32.13.3.rel1.linux64_1.0.0.202410170706/tools/bin/../lib/gcc/arm-none-eabi/13.3.1/../../../../arm-none-eabi/lib/thumb/v6-m/nofp/libc_nano.a(libc_a-reent.o)
                              /opt/st/stm32cubeide_1.18.0/plugins/com.st.stm32cube.ide.mcu.externaltools.gnu-tools-for-stm32.13.3.rel1.linux64_1.0.0.202410170706/tools/bin/../lib/gcc/arm-none-eabi/13.3.1/../../../../arm-none-eabi/lib/thumb/v6-m/nofp/libc_nano.a(libc_a-closer.o) (errno)
/opt/st/stm32cubeide_1.18.0/plugins/com.st.stm32cube.ide.mcu.externaltools.gnu-tools-for-stm32.13.3.rel1.linux64_1.0.0.202410170706/tools/bin/../lib/gcc/arm-none-eabi/13.3.1/../../../../arm-none-eabi/lib/thumb/v6-m/nofp/libc_nano.a(libc_a-impure.o)
                              /opt/st/stm32cubeide_1.18.0/plugins/com.st.stm32cube.ide.mcu.externaltools.gnu-tools-for-stm32.13.3.rel1.linux64_1.0.0.202410170706/tools/bin/../lib/gcc/arm-none-eabi/13.3.1/../../../../arm-none-eabi/lib/thumb/v6-m/nofp/libc_nano.a(libc_a-reent.o) (_impure_ptr)
/opt/st/stm32cubeide_1.18.0/plugins/com.st.stm32cube.ide.mcu.externaltools.gnu-tools-for-stm32.13.3.rel1.linux64_1.0.0.202410170706/tools/bin/../lib/gcc/arm-none-eabi/13.3.1/../../../../arm-none-eabi/lib/thumb/v6-m/nofp/libc_nano.a(libc_a-lseekr.o)
                              /opt/st/stm32cubeide_1.18.0/plugins/com.st.stm32cube.ide.mcu.externaltools.gnu-tools-for-stm32.13.3.rel1.linux64_1.0.0.202410170706/tools/bin/../lib/gcc/arm-none-eabi/13.3.1/../../../../arm-none-eabi/lib/thumb/v6-m/nofp/libc_nano.a(libc_a-stdio.o) (_lseek_r)
[...]
Memory Configuration

Name             Origin             Length             Attributes
RAM              0x20000000         0x00003000         xrw
FLASH            0x08000000         0x00008000         xr
*default*        0x00000000         0xffffffff

Linker script and memory map

LOAD /opt/st/stm32cubeide_1.18.0/plugins/com.st.stm32cube.ide.mcu.externaltools.gnu-tools-for-stm32.13.3.rel1.linux64_1.0.0.202410170706/tools/bin/../lib/gcc/arm-none-eabi/13.3.1/thumb/v6-m/nofp/crti.o
LOAD /opt/st/stm32cubeide_1.18.0/plugins/com.st.stm32cube.ide.mcu.externaltools.gnu-tools-for-stm32.13.3.rel1.linux64_1.0.0.202410170706/tools/bin/../lib/gcc/arm-none-eabi/13.3.1/thumb/v6-m/nofp/crtbegin.o
LOAD /opt/st/stm32cubeide_1.18.0/plugins/com.st.stm32cube.ide.mcu.externaltools.gnu-tools-for-stm32.13.3.rel1.linux64_1.0.0.202410170706/tools/bin/../lib/gcc/arm-none-eabi/13.3.1/../../../../arm-none-eabi/lib/thumb/v6-m/nofp/crt0.o
LOAD ./Src/lcd.o
LOAD ./Src/main.o
LOAD ./Src/syscalls.o
LOAD ./Src/sysmem.o
LOAD ./Src/systicklib.o
LOAD ./Src/user_keypad.o
LOAD ./Src/user_tim.o
LOAD ./Src/user_uart.o
LOAD ./Startup/startup_stm32c031c6tx.o
START GROUP
LOAD /opt/st/stm32cubeide_1.18.0/plugins/com.st.stm32cube.ide.mcu.externaltools.gnu-tools-for-stm32.13.3.rel1.linux64_1.0.0.202410170706/tools/bin/../lib/gcc/arm-none-eabi/13.3.1/../../../../arm-none-eabi/lib/thumb/v6-m/nofp/libc_nano.a
LOAD /opt/st/stm32cubeide_1.18.0/plugins/com.st.stm32cube.ide.mcu.externaltools.gnu-tools-for-stm32.13.3.rel1.linux64_1.0.0.202410170706/tools/bin/../lib/gcc/arm-none-eabi/13.3.1/../../../../arm-none-eabi/lib/thumb/v6-m/nofp/libm.a
END GROUP
START GROUP
LOAD /opt/st/stm32cubeide_1.18.0/plugins/com.st.stm32cube.ide.mcu.externaltools.gnu-tools-for-stm32.13.3.rel1.linux64_1.0.0.202410170706/tools/bin/../lib/gcc/arm-none-eabi/13.3.1/thumb/v6-m/nofp/libgcc.a
LOAD /opt/st/stm32cubeide_1.18.0/plugins/com.st.stm32cube.ide.mcu.externaltools.gnu-tools-for-stm32.13.3.rel1.linux64_1.0.0.202410170706/tools/bin/../lib/gcc/arm-none-eabi/13.3.1/../../../../arm-none-eabi/lib/thumb/v6-m/nofp/libc_nano.a
END GROUP
START GROUP
LOAD /opt/st/stm32cubeide_1.18.0/plugins/com.st.stm32cube.ide.mcu.externaltools.gnu-tools-for-stm32.13.3.rel1.linux64_1.0.0.202410170706/tools/bin/../lib/gcc/arm-none-eabi/13.3.1/thumb/v6-m/nofp/libgcc.a
LOAD /opt/st/stm32cubeide_1.18.0/plugins/com.st.stm32cube.ide.mcu.externaltools.gnu-tools-for-stm32.13.3.rel1.linux64_1.0.0.202410170706/tools/bin/../lib/gcc/arm-none-eabi/13.3.1/../../../../arm-none-eabi/lib/thumb/v6-m/nofp/libc_nano.a
LOAD /opt/st/stm32cubeide_1.18.0/plugins/com.st.stm32cube.ide.mcu.externaltools.gnu-tools-for-stm32.13.3.rel1.linux64_1.0.0.202410170706/tools/bin/../lib/gcc/arm-none-eabi/13.3.1/../../../../arm-none-eabi/lib/thumb/v6-m/nofp/libnosys.a
END GROUP
START GROUP
LOAD /opt/st/stm32cubeide_1.18.0/plugins/com.st.stm32cube.ide.mcu.externaltools.gnu-tools-for-stm32.13.3.rel1.linux64_1.0.0.202410170706/tools/bin/../lib/gcc/arm-none-eabi/13.3.1/thumb/v6-m/nofp/libgcc.a
LOAD /opt/st/stm32cubeide_1.18.0/plugins/com.st.stm32cube.ide.mcu.externaltools.gnu-tools-for-stm32.13.3.rel1.linux64_1.0.0.202410170706/tools/bin/../lib/gcc/arm-none-eabi/13.3.1/../../../../arm-none-eabi/lib/thumb/v6-m/nofp/libc_nano.a
LOAD /opt/st/stm32cubeide_1.18.0/plugins/com.st.stm32cube.ide.mcu.externaltools.gnu-tools-for-stm32.13.3.rel1.linux64_1.0.0.202410170706/tools/bin/../lib/gcc/arm-none-eabi/13.3.1/../../../../arm-none-eabi/lib/thumb/v6-m/nofp/libnosys.a
END GROUP
LOAD /opt/st/stm32cubeide_1.18.0/plugins/com.st.stm32cube.ide.mcu.externaltools.gnu-tools-for-stm32.13.3.rel1.linux64_1.0.0.202410170706/tools/bin/../lib/gcc/arm-none-eabi/13.3.1/thumb/v6-m/nofp/crtend.o
LOAD /opt/st/stm32cubeide_1.18.0/plugins/com.st.stm32cube.ide.mcu.externaltools.gnu-tools-for-stm32.13.3.rel1.linux64_1.0.0.202410170706/tools/bin/../lib/gcc/arm-none-eabi/13.3.1/thumb/v6-m/nofp/crtn.o
                0x20003000                        _estack = (ORIGIN (RAM) + LENGTH (RAM))
                0x00000200                        _Min_Heap_Size = 0x200
                0x00000400                        _Min_Stack_Size = 0x400

.isr_vector     0x08000000       0xb4
                0x08000000                        . = ALIGN (0x4)
 *(.isr_vector)
 .isr_vector    0x08000000       0xb4 ./Startup/startup_stm32c031c6tx.o
                0x08000000                g_pfnVectors
                0x080000b4                        . = ALIGN (0x4)

.text           0x080000b4      0xcc0
                0x080000b4                        . = ALIGN (0x4)
 *(.text)
 .text          0x080000b4       0x48 /opt/st/stm32cubeide_1.18.0/plugins/com.st.stm32cube.ide.mcu.externaltools.gnu-tools-for-stm32.13.3.rel1.linux64_1.0.0.202410170706/tools/bin/../lib/gcc/arm-none-eabi/13.3.1/thumb/v6-m/nofp/crtbegin.o
 .text          0x080000fc      0x1d4 /opt/st/stm32cubeide_1.18.0/plugins/com.st.stm32cube.ide.mcu.externaltools.gnu-tools-for-stm32.13.3.rel1.linux64_1.0.0.202410170706/tools/bin/../lib/gcc/arm-none-eabi/13.3.1/thumb/v6-m/nofp/libgcc.a(_divsi3.o)
                0x080000fc                __aeabi_idiv
                0x080000fc                __divsi3
                0x080002c8                __aeabi_idivmod
 .text          0x080002d0        0x4 /opt/st/stm32cubeide_1.18.0/plugins/com.st.stm32cube.ide.mcu.externaltools.gnu-tools-for-stm32.13.3.rel1.linux64_1.0.0.202410170706/tools/bin/../lib/gcc/arm-none-eabi/13.3.1/thumb/v6-m/nofp/libgcc.a(_dvmd_tls.o)
                0x080002d0                __aeabi_ldiv0
                0x080002d0                __aeabi_idiv0
 *(.text*)
 .text.LCD_Init
                0x080002d4      0x314 ./Src/lcd.o
                0x080002d4                LCD_Init
 .text.LCD_Out_Data4
                0x080005e8       0x88 ./Src/lcd.o
                0x080005e8                LCD_Out_Data4
 .text.LCD_Write_Byte
                0x08000670       0x46 ./Src/lcd.o
                0x08000670                LCD_Write_Byte
 *fill*         0x080006b6        0x2 
 .text.LCD_Write_Cmd
                0x080006b8       0x2c ./Src/lcd.o
                0x080006b8                LCD_Write_Cmd
 .text.LCD_Put_Char
                0x080006e4       0x2c ./Src/lcd.o
                0x080006e4                LCD_Put_Char
 .text.LCD_Set_Cursor
                0x08000710       0x5e ./Src/lcd.o
                0x08000710                LCD_Set_Cursor
 .text.LCD_Put_Str
                0x0800076e       0x5c ./Src/lcd.o
                0x0800076e                LCD_Put_Str
 .text.LCD_Put_Num
                0x080007ca      0x142 ./Src/lcd.o
                0x080007ca                LCD_Put_Num
 .text.LCD_Busy
                0x0800090c       0xe0 ./Src/lcd.o
                0x0800090c                LCD_Busy
 .text.LCD_Pulse_EN
                0x080009ec       0x38 ./Src/lcd.o
                0x080009ec                LCD_Pulse_EN
 .text.LCD_BarGraphic
                0x08000a24       0x94 ./Src/lcd.o
                0x08000a24                LCD_BarGraphic
 .text.main     0x08000ab8       0xac ./Src/main.o
                0x08000ab8                main
 .text.USER_RCC_Init
                0x08000b64       0x80 ./Src/main.o
                0x08000b64                USER_RCC_Init
 .text.USER_GPIO_Init
                0x08000be4       0x60 ./Src/main.o
                0x08000be4                USER_GPIO_Init
 .text.USER_SysTick_Init
                0x08000c44       0x2c ./Src/systicklib.o
                0x08000c44                USER_SysTick_Init
 .text.SysTick_Delay
                0x08000c70       0x50 ./Src/systicklib.o
                0x08000c70                SysTick_Delay
 .text.Reset_Handler
                0x08000cc0       0x50 ./Startup/startup_stm32c031c6tx.o
                0x08000cc0                Reset_Handler
 .text.Default_Handler
                0x08000d10        0x2 ./Startup/startup_stm32c031c6tx.o
                0x08000d10                TIM1_CC_IRQHandler
                0x08000d10                HardFault_Handler
                0x08000d10                SysTick_Handler
                0x08000d10                PendSV_Handler
                0x08000d10                NMI_Handler
                0x08000d10                EXTI2_3_IRQHandler
                0x08000d10                TIM17_IRQHandler
                0x08000d10                RTC_IRQHandler
                0x08000d10                SPI_IRQHandler
                0x08000d10                DMAMUX_DMA1_Channel4_5_IRQHandler
                0x08000d10                TIM16_IRQHandler
                0x08000d10                TIM3_IRQHandler
                0x08000d10                EXTI4_15_IRQHandler
                0x08000d10                RCC_IRQHandler
                0x08000d10                DMA1_Channel1_IRQHandler
                0x08000d10                Default_Handler
                0x08000d10                TIM14_IRQHandler
                0x08000d10                ADC_IRQHandler
                0x08000d10                EXTI0_1_IRQHandler
                0x08000d10                I2C_IRQHandler
                0x08000d10                SVC_Handler
                0x08000d10                PVM_IRQHandler
                0x08000d10                WWDG_IRQHandler
                0x08000d10                DMA1_Channel2_3_IRQHandler
                0x08000d10                USART2_IRQHandler
                0x08000d10                FLASH_IRQHandler
                0x08000d10                USART1_IRQHandler
                0x08000d10                TIM1_BRK_UP_TRG_COM_IRQHandler
 *fill*         0x08000d12        0x2 
 .text.__libc_init_array
                0x08000d14       0x48 /opt/st/stm32cubeide_1.18.0/plugins/com.st.stm32cube.ide.mcu.externaltools.gnu-tools-for-stm32.13.3.rel1.linux64_1.0.0.202410170706/tools/bin/../lib/gcc/arm-none-eabi/13.3.1/../../../../arm-none-eabi/lib/thumb/v6-m/nofp/libc_nano.a(libc_a-init.o)
                0x08000d14                __libc_init_array
 *(.glue_7)
 .glue_7        0x08000d5c        0x0 linker stubs
 *(.glue_7t)
 .glue_7t       0x08000d5c        0x0 linker stubs
 *(.eh_frame)
 .eh_frame      0x08000d5c        0x0 /opt/st/stm32cubeide_1.18.0/plugins/com.st.stm32cube.ide.mcu.externaltools.gnu-tools-for-stm32.13.3.rel1.linux64_1.0.0.202410170706/tools/bin/../lib/gcc/arm-none-eabi/13.3.1/thumb/v6-m/nofp/crtbegin.o
 *(.init)
 .init          0x08000d5c        0x4 /opt/st/stm32cubeide_1.18.0/plugins/com.st.stm32cube.ide.mcu.externaltools.gnu-tools-for-stm32.13.3.rel1.linux64_1.0.0.202410170706/tools/bin/../lib/gcc/arm-none-eabi/13.3.1/thumb/v6-m/nofp/crti.o
                0x08000d5c                _init
 .init          0x08000d60        0x8 /opt/st/stm32cubeide_1.18.0/plugins/com.st.stm32cube.ide.mcu.externaltools.gnu-tools-for-stm32.13.3.rel1.linux64_1.0.0.202410170706/tools/bin/../lib/gcc/arm-none-eabi/13.3.1/thumb/v6-m/nofp/crtn.o
 *(.fini)
 .fini          0x08000d68        0x4 /opt/st/stm32cubeide_1.18.0/plugins/com.st.stm32cube.ide.mcu.externaltools.gnu-tools-for-stm32.13.3.rel1.linux64_1.0.0.202410170706/tools/bin/../lib/gcc/arm-none-eabi/13.3.1/thumb/v6-m/nofp/crti.o
                0x08000d68                _fini
 .fini          0x08000d6c        0x8 /opt/st/stm32cubeide_1.18.0/plugins/com.st.stm32cube.ide.mcu.externaltools.gnu-tools-for-stm32.13.3.rel1.linux64_1.0.0.202410170706/tools/bin/../lib/gcc/arm-none-eabi/13.3.1/thumb/v6-m/nofp/crtn.o
                0x08000d74                        . = ALIGN (0x4)
                0x08000d74                        _etext = .

.vfp11_veneer   0x08000d74        0x0
 .vfp11_veneer  0x08000d74        0x0 linker stubs

.v4_bx          0x08000d74        0x0
 .v4_bx         0x08000d74        0x0 linker stubs

.iplt           0x08000d74        0x0
 .iplt          0x08000d74        0x0 /opt/st/stm32cubeide_1.18.0/plugins/com.st.stm32cube.ide.mcu.externaltools.gnu-tools-for-stm32.13.3.rel1.linux64_1.0.0.202410170706/tools/bin/../lib/gcc/arm-none-eabi/13.3.1/thumb/v6-m/nofp/crtbegin.o

.rodata         0x08000d74       0x5c
                0x08000d74                        . = ALIGN (0x4)
 *(.rodata)
 .rodata        0x08000d74       0x1b ./Src/main.o
 *(.rodata*)
 *fill*         0x08000d8f        0x1 
 .rodata.UserFont
                0x08000d90       0x40 ./Src/lcd.o
                0x08000d90                UserFont
                0x08000dd0                        . = ALIGN (0x4)

.ARM.extab      0x08000dd0        0x0
                0x08000dd0                        . = ALIGN (0x4)
 *(.ARM.extab* .gnu.linkonce.armextab.*)
                0x08000dd0                        . = ALIGN (0x4)

.ARM            0x08000dd0        0x0
                0x08000dd0                        . = ALIGN (0x4)
                0x08000dd0                        __exidx_start = .
 *(.ARM.exidx*)
                0x08000dd0                        __exidx_end = .
                0x08000dd0                        . = ALIGN (0x4)

.preinit_array  0x08000dd0        0x0
                0x08000dd0                        . = ALIGN (0x4)
                0x08000dd0                        PROVIDE (__preinit_array_start = .)
 *(.preinit_array*)
                0x08000dd0                        PROVIDE (__preinit_array_end = .)
                0x08000dd0                        . = ALIGN (0x4)

.init_array     0x08000dd0        0x4
                0x08000dd0                        . = ALIGN (0x4)
                0x08000dd0                        PROVIDE (__init_array_start = .)
 *(SORT_BY_NAME(.init_array.*))
 *(.init_array*)
 .init_array    0x08000dd0        0x4 /opt/st/stm32cubeide_1.18.0/plugins/com.st.stm32cube.ide.mcu.externaltools.gnu-tools-for-stm32.13.3.rel1.linux64_1.0.0.202410170706/tools/bin/../lib/gcc/arm-none-eabi/13.3.1/thumb/v6-m/nofp/crtbegin.o
                0x08000dd4                        PROVIDE (__init_array_end = .)
                0x08000dd4                        . = ALIGN (0x4)

.fini_array     0x08000dd4        0x4
                0x08000dd4                        . = ALIGN (0x4)
                [!provide]                        PROVIDE (__fini_array_start = .)
 *(SORT_BY_NAME(.fini_array.*))
 *(.fini_array*)
 .fini_array    0x08000dd4        0x4 /opt/st/stm32cubeide_1.18.0/plugins/com.st.stm32cube.ide.mcu.externaltools.gnu-tools-for-stm32.13.3.rel1.linux64_1.0.0.202410170706/tools/bin/../lib/gcc/arm-none-eabi/13.3.1/thumb/v6-m/nofp/crtbegin.o
                [!provide]                        PROVIDE (__fini_array_end = .)
                0x08000dd8                        . = ALIGN (0x4)
                0x08000dd8                        _sidata = LOADADDR (.data)

.rel.dyn        0x08000dd8        0x0
 .rel.iplt      0x08000dd8        0x0 /opt/st/stm32cubeide_1.18.0/plugins/com.st.stm32cube.ide.mcu.externaltools.gnu-tools-for-stm32.13.3.rel1.linux64_1.0.0.202410170706/tools/bin/../lib/gcc/arm-none-eabi/13.3.1/thumb/v6-m/nofp/crtbegin.o

.data           0x20000000        0x0 load address 0x08000dd8
                0x20000000                        . = ALIGN (0x4)
                0x20000000                        _sdata = .
 *(.data)
 *(.data*)
 *(.RamFunc)
 *(.RamFunc*)
                0x20000000                        . = ALIGN (0x4)
                0x20000000                        _edata = .

.igot.plt       0x20000000        0x0 load address 0x08000dd8
 .igot.plt      0x20000000        0x0 /opt/st/stm32cubeide_1.18.0/plugins/com.st.stm32cube.ide.mcu.externaltools.gnu-tools-for-stm32.13.3.rel1.linux64_1.0.0.202410170706/tools/bin/../lib/gcc/arm-none-eabi/13.3.1/thumb/v6-m/nofp/crtbegin.o
                0x20000000                        . = ALIGN (0x4)

.bss            0x20000000       0x1c load address 0x08000dd8
                0x20000000                        _sbss = .
                0x20000000                        __bss_start__ = _sbss
 *(.bss)
 .bss           0x20000000       0x1c /opt/st/stm32cubeide_1.18.0/plugins/com.st.stm32cube.ide.mcu.externaltools.gnu-tools-for-stm32.13.3.rel1.linux64_1.0.0.202410170706/tools/bin/../lib/gcc/arm-none-eabi/13.3.1/thumb/v6-m/nofp/crtbegin.o
 *(.bss*)
 *(COMMON)
                0x2000001c                        . = ALIGN (0x4)
                0x2000001c                        _ebss = .
                0x2000001c                        __bss_end__ = _ebss

._user_heap_stack
                0x2000001c      0x604 load address 0x08000dd8
                0x20000020                        . = ALIGN (0x8)
 *fill*         0x2000001c        0x4 
                [!provide]                        PROVIDE (end = .)
                0x20000020                        PROVIDE (_end = .)
                0x20000220                        . = (. + _Min_Heap_Size)
 *fill*         0x20000020      0x200 
                0x20000620                        . = (. + _Min_Stack_Size)
 *fill*         0x20000220      0x400 
                0x20000620                        . = ALIGN (0x8)

/DISCARD/
 libc.a(*)
 libm.a(*)
 libgcc.a(*)

.ARM.attributes
                0x00000000       0x28
 *(.ARM.attributes)
 .ARM.attributes
                0x00000000       0x1e /opt/st/stm32cubeide_1.18.0/plugins/com.st.stm32cube.ide.mcu.externaltools.gnu-tools-for-stm32.13.3.rel1.linux64_1.0.0.202410170706/tools/bin/../lib/gcc/arm-none-eabi/13.3.1/thumb/v6-m/nofp/crti.o
 .ARM.attributes
                0x0000001e       0x2c /opt/st/stm32cubeide_1.18.0/plugins/com.st.stm32cube.ide.mcu.externaltools.gnu-tools-for-stm32.13.3.rel1.linux64_1.0.0.202410170706/tools/bin/../lib/gcc/arm-none-eabi/13.3.1/thumb/v6-m/nofp/crtbegin.o
 .ARM.attributes
                0x0000004a       0x2c ./Src/lcd.o
 .ARM.attributes
                0x00000076       0x2c ./Src/main.o
 .ARM.attributes
                0x000000a2       0x2c ./Src/systicklib.o
 .ARM.attributes
                0x000000ce       0x22 ./Startup/startup_stm32c031c6tx.o
 .ARM.attributes
                0x000000f0       0x2c /opt/st/stm32cubeide_1.18.0/plugins/com.st.stm32cube.ide.mcu.externaltools.gnu-tools-for-stm32.13.3.rel1.linux64_1.0.0.202410170706/tools/bin/../lib/gcc/arm-none-eabi/13.3.1/../../../../arm-none-eabi/lib/thumb/v6-m/nofp/libc_nano.a(libc_a-init.o)
 .ARM.attributes
                0x0000011c       0x1e /opt/st/stm32cubeide_1.18.0/plugins/com.st.stm32cube.ide.mcu.externaltools.gnu-tools-for-stm32.13.3.rel1.linux64_1.0.0.202410170706/tools/bin/../lib/gcc/arm-none-eabi/13.3.1/thumb/v6-m/nofp/libgcc.a(_divsi3.o)
 .ARM.attributes
                0x0000013a       0x1e /opt/st/stm32cubeide_1.18.0/plugins/com.st.stm32cube.ide.mcu.externaltools.gnu-tools-for-stm32.13.3.rel1.linux64_1.0.0.202410170706/tools/bin/../lib/gcc/arm-none-eabi/13.3.1/thumb/v6-m/nofp/libgcc.a(_dvmd_tls.o)
 .ARM.attributes
                0x00000158       0x1e /opt/st/stm32cubeide_1.18.0/plugins/com.st.stm32cube.ide.mcu.externaltools.gnu-tools-for-stm32.13.3.rel1.linux64_1.0.0.202410170706/tools/bin/../lib/gcc/arm-none-eabi/13.3.1/thumb/v6-m/nofp/crtn.o
OUTPUT(Stm32Project.elf elf32-littlearm)
LOAD linker stubs
LOAD /opt/st/stm32cubeide_1.18.0/plugins/com.st.stm32cube.ide.mcu.externaltools.gnu-tools-for-stm32.13.3.rel1.linux64_1.0.0.202410170706/tools/bin/../lib/gcc/arm-none-eabi/13.3.1/../../../../arm-none-eabi/lib/thumb/v6-m/nofp/libc.a
LOAD /opt/st/stm32cubeide_1.18.0/plugins/com.st.stm32cube.ide.mcu.externaltools.gnu-tools-for-stm32.13.3.rel1.linux64_1.0.0.202410170706/tools/bin/../lib/gcc/arm-none-eabi/13.3.1/../../../../arm-none-eabi/lib/thumb/v6-m/nofp/libm.a
LOAD /opt/st/stm32cubeide_1.18.0/plugins/com.st.stm32cube.ide.mcu.externaltools.gnu-tools-for-stm32.13.3.rel1.linux64_1.0.0.202410170706/tools/bin/../lib/gcc/arm-none-eabi/13.3.1/thumb/v6-m/nofp/libgcc.a

.debug_info     0x00000000      0xac6
 .debug_info    0x00000000      0x52a ./Src/lcd.o
 .debug_info    0x0000052a      0x44b ./Src/main.o
 .debug_info    0x00000975      0x121 ./Src/systicklib.o
 .debug_info    0x00000a96       0x30 ./Startup/startup_stm32c031c6tx.o

.debug_abbrev   0x00000000      0x3f6
 .debug_abbrev  0x00000000      0x1c7 ./Src/lcd.o
 .debug_abbrev  0x000001c7      0x137 ./Src/main.o
 .debug_abbrev  0x000002fe       0xd4 ./Src/systicklib.o
 .debug_abbrev  0x000003d2       0x24 ./Startup/startup_stm32c031c6tx.o

.debug_aranges  0x00000000       0xf8
 .debug_aranges
                0x00000000       0x78 ./Src/lcd.o
 .debug_aranges
                0x00000078       0x30 ./Src/main.o
 .debug_aranges
                0x000000a8       0x28 ./Src/systicklib.o
 .debug_aranges
                0x000000d0       0x28 ./Startup/startup_stm32c031c6tx.o

.debug_rnglists
                0x00000000       0xae
 .debug_rnglists
                0x00000000       0x5b ./Src/lcd.o
 .debug_rnglists
                0x0000005b       0x21 ./Src/main.o
 .debug_rnglists
                0x0000007c       0x19 ./Src/systicklib.o
 .debug_rnglists
                0x00000095       0x19 ./Startup/startup_stm32c031c6tx.o

.debug_macro    0x00000000     0x1d62
 .debug_macro   0x00000000       0x7e ./Src/lcd.o
 .debug_macro   0x0000007e      0xaba ./Src/lcd.o
 .debug_macro   0x00000b38       0x22 ./Src/lcd.o
 .debug_macro   0x00000b5a       0x8e ./Src/lcd.o
 .debug_macro   0x00000be8       0x51 ./Src/lcd.o
 .debug_macro   0x00000c39      0x103 ./Src/lcd.o
 .debug_macro   0x00000d3c       0x6a ./Src/lcd.o
 .debug_macro   0x00000da6      0x1df ./Src/lcd.o
 .debug_macro   0x00000f85       0x3a ./Src/lcd.o
 .debug_macro   0x00000fbf       0xa0 ./Src/lcd.o
 .debug_macro   0x0000105f       0x16 ./Src/lcd.o
 .debug_macro   0x00001075      0x173 ./Src/main.o
 .debug_macro   0x000011e8       0x16 ./Src/main.o
 .debug_macro   0x000011fe       0x61 ./Src/main.o
 .debug_macro   0x0000125f       0x24 ./Src/main.o
 .debug_macro   0x00001283       0x43 ./Src/main.o
 .debug_macro   0x000012c6       0x34 ./Src/main.o
 .debug_macro   0x000012fa       0x16 ./Src/main.o
 .debug_macro   0x00001310       0x9e ./Src/main.o
 .debug_macro   0x000013ae      0x370 ./Src/main.o
 .debug_macro   0x0000171e      0x112 ./Src/main.o
 .debug_macro   0x00001830       0x10 ./Src/main.o
 .debug_macro   0x00001840       0x16 ./Src/main.o
 .debug_macro   0x00001856       0x4a ./Src/main.o
 .debug_macro   0x000018a0       0x34 ./Src/main.o
 .debug_macro   0x000018d4       0x10 ./Src/main.o
 .debug_macro   0x000018e4       0x58 ./Src/main.o
 .debug_macro   0x0000193c       0x8e ./Src/main.o
 .debug_macro   0x000019ca       0x1c ./Src/main.o
 .debug_macro   0x000019e6      0x185 ./Src/main.o
 .debug_macro   0x00001b6b       0x16 ./Src/main.o
 .debug_macro   0x00001b81       0x16 ./Src/main.o
 .debug_macro   0x00001b97      0x146 ./Src/main.o
 .debug_macro   0x00001cdd       0x10 ./Src/main.o
 .debug_macro   0x00001ced       0x75 ./Src/systicklib.o

.debug_line     0x00000000     0x11f5
 .debug_line    0x00000000      0x7f8 ./Src/lcd.o
 .debug_line    0x000007f8      0x5bb ./Src/main.o
 .debug_line    0x00000db3      0x3c7 ./Src/systicklib.o
 .debug_line    0x0000117a       0x7b ./Startup/startup_stm32c031c6tx.o

.debug_str      0x00000000     0x7e24
 .debug_str     0x00000000     0x7e24 ./Src/lcd.o
                               0x4357 (size before relaxing)
 .debug_str     0x00007e24     0x7f28 ./Src/main.o
 .debug_str     0x00007e24     0x3e4a ./Src/systicklib.o
 .debug_str     0x00007e24       0x77 ./Startup/startup_stm32c031c6tx.o

.comment        0x00000000       0x43
 .comment       0x00000000       0x43 ./Src/lcd.o
                                 0x44 (size before relaxing)
 .comment       0x00000043       0x44 ./Src/main.o
 .comment       0x00000043       0x44 ./Src/systicklib.o

.debug_frame    0x00000000      0x288
 .debug_frame   0x00000000      0x188 ./Src/lcd.o
 .debug_frame   0x00000188       0x68 ./Src/main.o
 .debug_frame   0x000001f0       0x4c ./Src/systicklib.o
 .debug_frame   0x0000023c       0x2c /opt/st/stm32cubeide_1.18.0/plugins/com.st.stm32cube.ide.mcu.externaltools.gnu-tools-for-stm32.13.3.rel1.linux64_1.0.0.202410170706/tools/bin/../lib/gcc/arm-none-eabi/13.3.1/../../../../arm-none-eabi/lib/thumb/v6-m/nofp/libc_nano.a(libc_a-init.o)
 .debug_frame   0x00000268       0x20 /opt/st/stm32cubeide_1.18.0/plugins/com.st.stm32cube.ide.mcu.externaltools.gnu-tools-for-stm32.13.3.rel1.linux64_1.0.0.202410170706/tools/bin/../lib/gcc/arm-none-eabi/13.3.1/thumb/v6-m/nofp/libgcc.a(_divsi3.o)

.debug_line_str
                0x00000000       0x5b
 .debug_line_str
                0x00000000       0x5b ./Startup/startup_stm32c031c6tx.o
